{
  "bytecode": "0xa11ceb0b060000000c010002020208030a2805322307557b08d0012006f0010a10fa019a010a94030d0ca1037e0d9f04060fa504040002000306000004070000050001000006020300000704050000080406000009070800000a040300000b090500000c0906000205070301080002050301080101060800010301050206080006080101010106080100076163636f756e74066f626a6563740467756964044755494402494406637265617465096372656174655f69640c6372656174696f6e5f6e756d0f63726561746f725f616464726573730565715f69640269640f69645f6372656174696f6e5f6e756d1269645f63726561746f725f616464726573730461646472000000000000000000000000000000000000000000000000000000000000000103080000000000000000126170746f733a3a6d657461646174615f763185010100000000000000001d45475549445f47454e455241544f525f4e4f545f5055424c49534845445b475549442067656e657261746f72206d757374206265207075626c6973686564206168656164206f66206669727374207573616765206f6620606372656174655f776974685f6361706162696c697479602066756e6374696f6e2e00000002010a080101020207030d0500030000050d0a01140c020a02060100000000000000160b01150b020b001201120002010100000a040b010b00120102020100000a050b00100010011402030100000a050b00100010021402040100000a050b0010000b012102050100000a040b0010001402060100000a040b0010011402070100000a040b00100214020000010001010000000100",
  "abi": {
    "address": "0x1",
    "name": "guid",
    "friends": [
      "0x1::account",
      "0x1::object"
    ],
    "exposed_functions": [
      {
        "name": "create",
        "visibility": "friend",
        "is_entry": false,
        "generic_type_params": [],
        "params": [
          "address",
          "&mut u64"
        ],
        "return": [
          "0x1::guid::GUID"
        ]
      },
      {
        "name": "create_id",
        "visibility": "public",
        "is_entry": false,
        "generic_type_params": [],
        "params": [
          "address",
          "u64"
        ],
        "return": [
          "0x1::guid::ID"
        ]
      },
      {
        "name": "creation_num",
        "visibility": "public",
        "is_entry": false,
        "generic_type_params": [],
        "params": [
          "&0x1::guid::GUID"
        ],
        "return": [
          "u64"
        ]
      },
      {
        "name": "creator_address",
        "visibility": "public",
        "is_entry": false,
        "generic_type_params": [],
        "params": [
          "&0x1::guid::GUID"
        ],
        "return": [
          "address"
        ]
      },
      {
        "name": "eq_id",
        "visibility": "public",
        "is_entry": false,
        "generic_type_params": [],
        "params": [
          "&0x1::guid::GUID",
          "&0x1::guid::ID"
        ],
        "return": [
          "bool"
        ]
      },
      {
        "name": "id",
        "visibility": "public",
        "is_entry": false,
        "generic_type_params": [],
        "params": [
          "&0x1::guid::GUID"
        ],
        "return": [
          "0x1::guid::ID"
        ]
      },
      {
        "name": "id_creation_num",
        "visibility": "public",
        "is_entry": false,
        "generic_type_params": [],
        "params": [
          "&0x1::guid::ID"
        ],
        "return": [
          "u64"
        ]
      },
      {
        "name": "id_creator_address",
        "visibility": "public",
        "is_entry": false,
        "generic_type_params": [],
        "params": [
          "&0x1::guid::ID"
        ],
        "return": [
          "address"
        ]
      }
    ],
    "structs": [
      {
        "name": "GUID",
        "is_native": false,
        "abilities": [
          "drop",
          "store"
        ],
        "generic_type_params": [],
        "fields": [
          {
            "name": "id",
            "type": "0x1::guid::ID"
          }
        ]
      },
      {
        "name": "ID",
        "is_native": false,
        "abilities": [
          "copy",
          "drop",
          "store"
        ],
        "generic_type_params": [],
        "fields": [
          {
            "name": "creation_num",
            "type": "u64"
          },
          {
            "name": "addr",
            "type": "address"
          }
        ]
      }
    ]
  }
}
